// Jest Snapshot v1, https://goo.gl/fbAQLP

exports[`Login Page renders without crashing 1`] = `undefined`;
