// Jest Snapshot v1, https://goo.gl/fbAQLP

exports[`New Page renders without crashing 1`] = `undefined`;
